// Vitest Snapshot v1, https://vitest.dev/guide/snapshot.html

exports[`Add Users Page > AddUsers Component > should render correctly 1`] = `
"<main data-v-5b9496c9="" class="container main">
  <section data-v-5b9496c9="" class="main-body">
    <!--Upload file section-->
    <div data-v-a95b63e0="" data-v-5b9496c9="" class="p-panel p-component add-users-panel" data-pc-name="panel" pc2="" data-pc-section="root">
      <div class="p-panel-header" data-pc-section="header"><span id="undefined_header" class="p-panel-title" data-pc-section="title">Add users</span>
        <div class="p-panel-header-actions" data-pc-section="headeractions">
          <!---->
        </div>
      </div>
      <transition-stub name="p-toggleable-content" appear="false" persisted="false" css="true">
        <div id="undefined_content" class="p-panel-content-container" role="region" aria-labelledby="undefined_header" data-pc-section="contentcontainer">
          <div class="p-panel-content" data-pc-section="content">
            <div data-v-a95b63e0="" class="info-message-container"><i data-v-a95b63e0="" class="pi pi-exclamation-circle"></i>
              <p data-v-a95b63e0="">Audiences must be created before adding users. You cannot add users otherwise.</p>
            </div>
            <div data-v-a95b63e0="" class="how-to-section">
              <h3 data-v-a95b63e0="">How to Add Users</h3>
              <ol data-v-a95b63e0="" class="numbered-steps">
                <li data-v-a95b63e0=""><span data-v-a95b63e0="" class="step-number">1</span>Download the template below or create your own CSV with the required columns</li>
                <li data-v-a95b63e0=""><span data-v-a95b63e0="" class="step-number">2</span>Fill in CSV with the user data</li>
                <li data-v-a95b63e0=""><span data-v-a95b63e0="" class="step-number">3</span>Upload the file and click "Start Adding"</li>
                <li data-v-a95b63e0=""><span data-v-a95b63e0="" class="step-number">4</span>Once finished, a file called "registered_users.csv" will be downloaded. If it is not in your downloads folder, click the "Download Users" button.</li>
                <li data-v-a95b63e0=""><span data-v-a95b63e0="" class="step-number">5</span>Click "Continue to Link Users"</li>
              </ol>
            </div> These fields are <b data-v-a95b63e0="">REQUIRED</b> for adding users: <ul data-v-a95b63e0="">
              <!-- <li><b>id</b> - The unique identifier for the user. Start from 1.</li> -->
              <li data-v-a95b63e0=""><b data-v-a95b63e0="">userType</b> - The type of user. Must be one of the following: child, parent, or teacher.</li>
              <li data-v-a95b63e0=""><b data-v-a95b63e0="">month</b><span data-v-a95b63e0="" class="required">*</span> - The month the child was born. Leave blank for parent or teacher users. (Ex. 1 for January)</li>
              <li data-v-a95b63e0=""><b data-v-a95b63e0="">year</b><span data-v-a95b63e0="" class="required">*</span> - The year the child was born. Leave blank for parent or teacher users. (Ex. 2020)</li>
              <li data-v-a95b63e0=""><b data-v-a95b63e0="">group OR Site AND school</b> - The name of the group or site and school.</li>
            </ul> These fields are optional: <ul data-v-a95b63e0="" class="optional-fields">
              <li data-v-a95b63e0=""><b data-v-a95b63e0="">Class</b> - The name of the class.</li>
            </ul>
            <p data-v-a95b63e0="">Parents and Teachers need to have the same Audiences as their children / students.</p>
            <p data-v-a95b63e0="" class="mb-6"><span data-v-a95b63e0="" class="required">*</span> = Required only for child users</p>
            <div data-v-a95b63e0="" class="download-button-container"><button data-v-a95b63e0="" class="download-csv-btn" data-testid="download-template"><i data-v-a95b63e0="" class="pi pi-download"></i> Download CSV Template </button></div>
            <p data-v-a95b63e0="">Below is an example of what your CSV/spreadsheet should look like. Only the required columns will be processed.</p><img data-v-a95b63e0="" id="example-image" src="https://storage.googleapis.com/road-dashboard/example_researcher_csv.png" alt="CSV upload example" style="width: 100%; max-width: 1400px; height: auto;">
          </div>
          <!---->
        </div>
      </transition-stub>
    </div>
    <div data-v-5b9496c9="" class="p-divider p-component p-divider-horizontal p-divider-solid p-divider-left" style="justify-content: center;" role="separator" aria-orientation="horizontal" data-pc-name="divider" pc3="" data-pc-section="root">
      <!---->
    </div>
    <div data-v-5b9496c9="" class="text-gray-500 mb-2 surface-100 border-round p-2">
      <div data-v-5b9496c9="" class="p-fileupload p-fileupload-advanced p-component" data-pc-name="fileupload" pc4="" data-pc-section="root"><input type="file" accept=".csv" data-pc-section="input">
        <div class="p-fileupload-header" data-pc-section="header"><button class="p-button p-component p-fileupload-choose-button bg-primary mb-2 p-3 w-2 text-white border-none border-round h-3rem m-0 hover:bg-red-900" type="button" aria-label="Choose" data-pc-name="pcchoosebutton" data-p-disabled="false" data-pc-extend="button" pc5="" data-pc-section="root"><svg width="14" height="14" viewBox="0 0 14 14" fill="none" xmlns="http://www.w3.org/2000/svg" class="p-icon p-button-icon p-button-icon-left" aria-hidden="true">
              <path d="M7.67742 6.32258V0.677419C7.67742 0.497757 7.60605 0.325452 7.47901 0.198411C7.35197 0.0713707 7.17966 0 7 0C6.82034 0 6.64803 0.0713707 6.52099 0.198411C6.39395 0.325452 6.32258 0.497757 6.32258 0.677419V6.32258H0.677419C0.497757 6.32258 0.325452 6.39395 0.198411 6.52099C0.0713707 6.64803 0 6.82034 0 7C0 7.17966 0.0713707 7.35197 0.198411 7.47901C0.325452 7.60605 0.497757 7.67742 0.677419 7.67742H6.32258V13.3226C6.32492 13.5015 6.39704 13.6725 6.52358 13.799C6.65012 13.9255 6.82106 13.9977 7 14C7.17966 14 7.35197 13.9286 7.47901 13.8016C7.60605 13.6745 7.67742 13.5022 7.67742 13.3226V7.67742H13.3226C13.5022 7.67742 13.6745 7.60605 13.8016 7.47901C13.9286 7.35197 14 7.17966 14 7C13.9977 6.82106 13.9255 6.65012 13.799 6.52358C13.6725 6.39704 13.5015 6.32492 13.3226 6.32258H7.67742Z" fill="currentColor"></path>
            </svg><span class="p-button-label" data-pc-section="label">Choose</span>
            <!---->
          </button>
          <!---->
          <!---->
        </div>
        <div class="p-fileupload-content" data-pc-section="content" data-p-highlight="false">
          <!---->
          <!---->
          <!---->
          <div data-pc-section="empty">
            <div data-v-5b9496c9="" class="flex justify-center items-center text-gray-500">
              <p data-v-5b9496c9="">Click choose or drag your CSV file here to upload.</p>
            </div>
          </div>
        </div>
      </div>
    </div>
    <!--v-if-->
    <!-- Datatable of error students -->
    <!--v-if-->
  </section>
</main>"
`;
